[cocohitech.com/vi/index.html]
[backblue.gif]
[fade.gif]
[index.html]
[cocohitech.com/wp-content/themes/flatsome/assets/js/flatsomeaeec.js]
[cocohitech.com/wp-content/themes/flatsome/assets/js/chunk.sliderb8cf.js]
[cocohitech.com/wp-content/themes/flatsome/assets/js/chunk.popupsb8cf.js]
[cocohitech.com/wp-content/themes/flatsome/assets/js/chunk.tooltipsb8cf.js]
[cocohitech.com/wp-content/themes/flatsome/assets/js/woocommerce9c5c.js]
[cocohitech.com/wp-content/plugins/woocommerce/assets/client/blocks/wc-blocks5210.css]
[cocohitech.com/wp-content/plugins/devvn-quick-buy/css/devvn-quick-buy5bfb.css]
[cocohitech.com/wp-content/themes/flatsome/assets/css/flatsomeb8cf.css]
[cocohitech.com/wp-content/themes/flatsome/assets/css/flatsome-shopb8cf.css]
[cocohitech.com/wp-content/themes/flatsome-child/style6aec.css]
[cocohitech.com/wp-includes/js/jquery/jquery.minf43b.js]
[cocohitech.com/wp-includes/js/jquery/jquery-migrate.min5589.js]
[cocohitech.com/wp-includes/js/underscore.min3ab8.js]
[cocohitech.com/wp-includes/js/wp-util.mine7a7.js]
[cocohitech.com/wp-content/plugins/woocommerce/assets/js/jquery-blockui/jquery.blockUI.minae83.js]
[cocohitech.com/wp-content/plugins/woocommerce/assets/js/frontend/add-to-cart.minf607.js]
[cocohitech.com/wp-content/plugins/woocommerce/assets/js/js-cookie/js.cookie.minf503.js]
[cocohitech.com/wp-content/uploads/2020/04/cropped-coco-hitech-logo-1-32x32.png]
[cocohitech.com/wp-content/uploads/2020/04/cropped-coco-hitech-logo-1-192x192.png]
[cocohitech.com/wp-content/uploads/2020/04/cropped-coco-hitech-logo-1-180x180.png]
[cocohitech.com/wp-content/uploads/2020/04/OE9RPW0.jpg]
[cocohitech.com/wp-content/uploads/2020/04/coco-hitech-logo-1.png]
[cocohitech.com/wp-content/uploads/2020/06/cocohitech-slide-vn-2.jpg]
[cocohitech.com/wp-content/uploads/2020/06/cocohitech-slide-vi.jpg]
[cocohitech.com/wp-content/uploads/2020/04/coconut-vietnam.jpg]
[cocohitech.com/wp-content/uploads/2020/04/banner-giua.jpg]
[cocohitech.com/wp-content/uploads/2020/06/cocohitech-xo-dua-ben-tre2.jpg]
[cocohitech.com/wp-content/uploads/2020/06/cocohitech-xo-dua-ben-tre3.jpg]
[cocohitech.com/wp-content/uploads/2020/06/cocohitech-xo-dua-ben-tre5.jpg]
[cocohitech.com/wp-content/uploads/2020/06/cocohitech-xo-dua-ben-tre6.jpg]
[cocohitech.com/wp-content/uploads/2020/06/cocohitech-xo-dua-ben-tre7.jpg]
[cocohitech.com/wp-content/uploads/2020/06/cocohitech-xo-dua-ben-tre9.jpg]
[cocohitech.com/wp-content/uploads/2020/06/cocohitech-xo-dua-ben-tre10.jpg]
[cocohitech.com/wp-content/uploads/2020/06/cocohitech-xo-dua-ben-tre13.jpg]
[cocohitech.com/wp-content/uploads/2020/06/cocohitech-xo-dua-ben-tre15.jpg]
[cocohitech.com/wp-content/uploads/2020/06/cocohitech-xo-dua-ben-tre16.jpg]
[cocohitech.com/wp-content/uploads/2020/06/cocohitech-xo-dua-ben-tre18.jpg]
[cocohitech.com/wp-content/uploads/2020/06/cocohitech-xo-dua-ben-tre20.jpg]
[cocohitech.com/wp-content/uploads/2020/06/cocohitech-xo-dua-ben-tre21.jpg]
[cocohitech.com/wp-content/uploads/2020/06/cocohitech-xo-dua-ben-tre23.jpg]
[cocohitech.com/wp-content/uploads/2020/06/cocohitech-xo-dua-ben-tre24.jpg]
[cocohitech.com/wp-content/uploads/2020/06/cocohitech-xo-dua-ben-tre25.jpg]
[cocohitech.com/wp-content/uploads/2020/06/cocohitech-xo-dua-ben-tre26.jpg]
[cocohitech.com/wp-content/uploads/2020/06/cocohitech-xo-dua-ben-tre27.jpg]
[cocohitech.com/wp-content/uploads/2020/06/cocohitech-xo-dua-ben-tre28.jpg]
[cocohitech.com/wp-content/uploads/2020/06/cocohitech-xo-dua-ben-tre29.jpg]
[cocohitech.com/wp-content/uploads/2020/06/cocohitech-xo-dua-ben-tre30.jpg]
[cocohitech.com/wp-content/uploads/2020/06/cocohitech-xo-dua-ben-tre31.jpg]
[cocohitech.com/wp-content/uploads/2020/06/cocohitech-xo-dua-ben-tre32.jpg]
[cocohitech.com/wp-content/uploads/2020/06/cocohitech-xo-dua-ben-tre33.jpg]
[cocohitech.com/wp-content/uploads/2020/06/cocohitech-xo-dua-ben-tre35.jpg]
[cocohitech.com/wp-content/uploads/2020/04/home-2-slider-bg.png]
[cocohitech.com/wp-content/uploads/2020/04/banner-home-footer.jpg]
[cocohitech.com/wp-content/plugins/devvn-quick-buy/js/jquery.validate.min5bfb.js]
[cocohitech.com/wp-content/plugins/woocommerce/assets/js/frontend/add-to-cart-variation.minf607.js]
[cocohitech.com/wp-content/plugins/devvn-quick-buy/js/devvn-quick-buy5bfb.js]
[cocohitech.com/wp-content/plugins/woocommerce/assets/js/frontend/woocommerce.minf607.js]
[cocohitech.com/wp-content/themes/flatsome/inc/extensions/flatsome-live-search/flatsome-live-searchb8cf.js]
[cocohitech.com/wp-content/plugins/woocommerce/assets/js/sourcebuster/sourcebuster.minf607.js]
[cocohitech.com/wp-content/plugins/woocommerce/assets/js/frontend/order-attribution.minf607.js]
[cocohitech.com/wp-includes/js/hoverIntent.min3e5a.js]
[cocohitech.com/wp-content/themes/flatsome/inc/extensions/flatsome-lazy-load/flatsome-lazy-loadb8cf.js]
[cocohitech.com/wp-content/plugins/woocommerce/assets/js/frontend/cart-fragments.minf607.js]
[cocohitech.com/vi/index.html]
[cocohitech.com/wp-content/themes/flatsome/assets/js/flatsomeaeec.js]
[cocohitech.com/wp-content/themes/flatsome/assets/js/chunk.sliderb8cf.js]
[cocohitech.com/wp-content/themes/flatsome/assets/js/chunk.popupsb8cf.js]
[cocohitech.com/wp-content/themes/flatsome/assets/js/chunk.tooltipsb8cf.js]
[cocohitech.com/wp-content/themes/flatsome/assets/js/woocommerce9c5c.js]
[cocohitech.com/wp-content/plugins/woocommerce/assets/client/blocks/wc-blocks5210.css]
[cocohitech.com/wp-content/plugins/devvn-quick-buy/images/close.png]
[cocohitech.com/wp-content/plugins/devvn-quick-buy/css/devvn-quick-buy5bfb.css]
[cocohitech.com/wp-content/themes/flatsome/assets/img/shadow@2x.png]
[cocohitech.com/wp-content/themes/flatsome/assets/img/underline.png]
[cocohitech.com/wp-content/themes/flatsome/assets/css/flatsomeb8cf.css]
[cocohitech.com/wp-content/themes/flatsome/assets/css/flatsome-shopb8cf.css]
[cocohitech.com/wp-content/themes/flatsome-child/style6aec.css]
[cocohitech.com/wp-includes/js/jquery/jquery.minf43b.js]
[cocohitech.com/wp-includes/js/jquery/jquery-migrate.min5589.js]
[cocohitech.com/wp-includes/js/underscore.min3ab8.js]
[cocohitech.com/wp-includes/js/wp-util.mine7a7.js]
[cocohitech.com/wp-content/plugins/woocommerce/assets/js/jquery-blockui/jquery.blockUI.minae83.js]
[cocohitech.com/wp-content/plugins/woocommerce/assets/js/frontend/add-to-cart.minf607.js]
[cocohitech.com/wp-content/plugins/woocommerce/assets/js/js-cookie/js.cookie.minf503.js]
[cocohitech.com/wp-content/plugins/devvn-quick-buy/js/jquery.validate.min5bfb.js]
[cocohitech.com/wp-content/plugins/woocommerce/assets/js/frontend/add-to-cart-variation.minf607.js]
[cocohitech.com/wp-content/plugins/devvn-quick-buy/js/devvn-quick-buy5bfb.js]
[cocohitech.com/wp-content/plugins/woocommerce/assets/js/frontend/woocommerce.minf607.js]
[cocohitech.com/wp-content/themes/flatsome/inc/extensions/flatsome-live-search/flatsome-live-searchb8cf.js]
[cocohitech.com/wp-content/plugins/woocommerce/assets/js/sourcebuster/sourcebuster.minf607.js]
[cocohitech.com/wp-content/plugins/woocommerce/assets/js/frontend/order-attribution.minf607.js]
[cocohitech.com/wp-includes/js/hoverIntent.min3e5a.js]
[cocohitech.com/wp-content/themes/flatsome/inc/extensions/flatsome-lazy-load/flatsome-lazy-loadb8cf.js]
[cocohitech.com/wp-content/plugins/woocommerce/assets/js/frontend/cart-fragments.minf607.js]
[cocohitech.com/vi/edge/index.html]
[cocohitech.com/vi/edge/index.html]
